â–¿ Optional<URL>
  - some: http://www.google.com
