â–¿ Optional<URL>
  - some: http://www.google.com?user=joao&device=123
