â–¿ Optional<String>
  - some: "{\"id\":\"dummy\"}"
