â–¿ Optional<URL>
  - some: http://www.google.com/image/123
