â–¿ Optional<URL>
  - some: http://www.google.com/playlist?user=joao&device=123
