â–¿ Optional<String>
  - some: "{\"duumy\":\"dummy\"}"
