▿ Optional<URLRequest>
  ▿ some: http://www.google.com/123/card?user=432
    ▿ url: Optional<URL>
      - some: http://www.google.com/123/card?user=432
    - cachePolicy: 1
    - timeoutInterval: 3.0
    - mainDocumentURL: Optional<URL>.none
    - networkServiceType: NSURLRequestNetworkServiceType.NSURLRequestNetworkServiceType
    - allowsCellularAccess: true
    ▿ httpMethod: Optional<String>
      - some: "POST"
    ▿ allHTTPHeaderFields: Optional<Dictionary<String, String>>
      ▿ some: 2 key/value pairs
        ▿ (2 elements)
          - key: "application"
          - value: "json"
        ▿ (2 elements)
          - key: "bearer"
          - value: "oiufhj"
    ▿ httpBody: Optional<Data>
      - some: 10 bytes
    - httpBodyStream: Optional<NSInputStream>.none
    - httpShouldHandleCookies: true
    - httpShouldUsePipelining: false
